--------------------------------------------------------------------------------------------------------------------------------
      name:  <unnamed>
       log:  C:\Users\Randyzhang\OneDrive\SYNC_FOLDER\STATS506\Fall2019_prac\Problem Set 4\ps4_q2.log
  log type:  text
 opened on:  21 Nov 2019, 17:58:31

. cd "C:\Users\Randyzhang\OneDrive\SYNC_FOLDER\STATS506\Fall2019_prac\Problem Set 4"
C:\Users\Randyzhang\OneDrive\SYNC_FOLDER\STATS506\Fall2019_prac\Problem Set 4

. 
. clear                                   // Start clean

. 
. * Data Prep: -------------------------------------------------------------------
. // data prep
. *? Maybe tidy up over-long line with locals?
. local recs_file "recs2015_public_v4.csv"

. local recs_url = "https://www.eia.gov/consumption/residential/data/2015/csv/"

. capture confirm file `recs_file'

. if _rc==0 {
.   display "Loading local file"
Loading local file
.   import delimited `recs_file', clear
(759 vars, 5,686 obs)
. }

. else {
.   display "Download file and create local copy"
.   import delimited `recs_url'`recs_file', clear
.   export delimited `recs_file'
. }

. 
. encode uatyp10, generate(uatyp10_i)

. replace uatyp10_i = 1 if uatyp10_i==3
(3,928 real changes made)

. 
. label define division_i 1 "New England" 2 "Middle Atlantic" 3 "East North Central" 4 "West North Central" 5 "South Atlantic" 6
>  "East South Central" 7 "West South Central" 8 "Mountain North" 9 "Mountain South" 10 "Pacific"

. label values division division_i

. 
. preserve

. 
. local vars = "uatyp10_i division internet"

. keep doeid nweight `vars'

. save recs2015_prop_est.dta, replace
file recs2015_prop_est.dta saved

. 
. // in order to merge the nweight and brrwt values
. restore

. keep doeid brrwt1-brrwt96 `vars'

. reshape long brrwt, i(doeid) j(repl)
(note: j = 1 2 3 4 5 6 7 8 9 10 11 12 13 14 15 16 17 18 19 20 21 22 23 24 25 26 27 28 29 30 31 32 33 34 35 36 37 38 39 40 41 42 
> 43 44 45 46 47 48 49 50 51 52 53 54 55 56 57 58 59 60 61 62 63 64 65 66 67 68 69 70 71 72 73 74 75 76 77 78 79 80 81 82 83 84 
> 85 86 87 88 89 90 91 92 93 94 95 96)

Data                               wide   ->   long
-----------------------------------------------------------------------------
Number of obs.                     5686   ->  545856
Number of variables                 100   ->       6
j variable (96 values)                    ->   repl
xij variables:
              brrwt1 brrwt2 ... brrwt96   ->   brrwt
-----------------------------------------------------------------------------

. merge m:1 doeid using recs2015_prop_est.dta
(label uatyp10_i already defined)
(label division_i already defined)

    Result                           # of obs.
    -----------------------------------------
    not matched                             0
    matched                           545,856  (_merge==3)
    -----------------------------------------

. 
. // calc the proportion of homes with internet
. generate brrwt_with_internet = internet*brrwt

. generate nw_with_internet = internet*nweight

. collapse (sum) brrwt brrwt_with_internet nweight nw_with_internet, by(division uatyp10_i repl)

. generate prop_repl = brrwt_with_internet/brrwt

. generate prop = nw_with_internet/nweight

. drop brrwt brrwt_with_internet

. drop nweight nw_with_internet

. 
. // calc the confidence interval using brrwt replications
. reshape wide prop_repl prop,i(division repl) j(uatyp10_i)
(note: j = 1 2)

Data                               long   ->   wide
-----------------------------------------------------------------------------
Number of obs.                     1920   ->     960
Number of variables                   5   ->       6
j variable (2 values)         uatyp10_i   ->   (dropped)
xij variables:
                              prop_repl   ->   prop_repl1 prop_repl2
                                   prop   ->   prop1 prop2
-----------------------------------------------------------------------------

. generate diff_prop = prop1-prop2

. generate diff_prop_repl = prop_repl1 - prop_repl2

. generate rsq_prop1 = (prop1-prop_repl1)^2/(1-0.5)^2

. generate rsq_prop2 = (prop2-prop_repl2)^2/(1-0.5)^2

. generate rsq_prop_diff = (diff_prop-diff_prop_repl)^2/(1-0.5)^2

. collapse (mean) prop1 prop2 diff_prop rsq_prop1 rsq_prop2 rsq_prop_diff , by(division)

. 
. generate diff_prop_lwr = diff_prop - 1.96*sqrt(rsq_prop_diff)

. generate diff_prop_upr = diff_prop + 1.96*sqrt(rsq_prop_diff)

. 
. rename rsq_prop1 stderr_prop1

. replace stderr_prop1 = sqrt(stderr_prop1)
(10 real changes made)

. rename rsq_prop2 stderr_prop2

. replace stderr_prop2 = sqrt(stderr_prop2)
(10 real changes made)

. rename rsq_prop_diff stderr_diff_prop

. replace stderr_diff_prop = sqrt(stderr_diff_prop)
(10 real changes made)

. export delimited recs_prop_with_internet.csv, replace
(note: file recs_prop_with_internet.csv not found)
file recs_prop_with_internet.csv saved

. 
. * Script Cleanup: --------------------------------------------------------------
. log close
      name:  <unnamed>
       log:  C:\Users\Randyzhang\OneDrive\SYNC_FOLDER\STATS506\Fall2019_prac\Problem Set 4\ps4_q2.log
  log type:  text
 closed on:  21 Nov 2019, 17:58:36
--------------------------------------------------------------------------------------------------------------------------------
